Microsoft Windows [Version 10.0.16299.98]
(c) 2017 Microsoft Corporation. All rights reserved.

E:\Code\Java\ReactNative\reactnativeexpressslack\reactnativeexpress>expo build:android
Error: node_modules directory is missing. Please run `npm install` in your project directory.
There is an error with your project. See above logs for information.
Set EXPO_DEBUG=true in your env to view the stack trace.
- Making sure project is set up correctly...
E:\Code\Java\ReactNative\reactnativeexpressslack\reactnativeexpress>npm install
npm WARN deprecated core-js@1.2.7: core-js@<2.6.8 is no longer maintained. Please, upgrade to core-js@3 or at least to actual version of core-js@2.

> core-js@2.6.9 postinstall E:\Code\Java\ReactNative\reactnativeexpressslack\reactnativeexpress\node_modules\fbjs-scripts\node_modules\core-js> node scripts/postinstall || echo "ignore"

Thank you for using core-js ( https://github.com/zloirock/core-js ) for polyfilling JavaScript standard library!

The project needs your help! Please consider supporting of core-js on Open Collective or Patreon: 
> https://opencollective.com/core-js 
> https://www.patreon.com/zloirock 

Also, the author of core-js ( https://github.com/zloirock ) is looking for a good job -)


> core-js@2.6.9 postinstall E:\Code\Java\ReactNative\reactnativeexpressslack\reactnativeexpress\node_modules\metro-babel-register\node_modules\core-js
> node scripts/postinstall || echo "ignore"

Thank you for using core-js ( https://github.com/zloirock/core-js ) for polyfilling JavaScript standard library!

The project needs your help! Please consider supporting of core-js on Open Collective or Patreon: 
> https://opencollective.com/core-js 
> https://www.patreon.com/zloirock 

Also, the author of core-js ( https://github.com/zloirock ) is looking for a good job -)


> core-js@2.6.9 postinstall E:\Code\Java\ReactNative\reactnativeexpressslack\reactnativeexpress\node_modules\metro\node_modules\core-js
> node scripts/postinstall || echo "ignore"

Thank you for using core-js ( https://github.com/zloirock/core-js ) for polyfilling JavaScript standard library!

The project needs your help! Please consider supporting of core-js on Open Collective or Patreon: 
> https://opencollective.com/core-js 
> https://www.patreon.com/zloirock 

Also, the author of core-js ( https://github.com/zloirock ) is looking for a good job -)


> core-js@2.6.9 postinstall E:\Code\Java\ReactNative\reactnativeexpressslack\reactnativeexpress\node_modules\react-native\node_modules\core-js> node scripts/postinstall || echo "ignore"

Thank you for using core-js ( https://github.com/zloirock/core-js ) for polyfilling JavaScript standard library!

The project needs your help! Please consider supporting of core-js on Open Collective or Patreon: 
> https://opencollective.com/core-js 
> https://www.patreon.com/zloirock 

Also, the author of core-js ( https://github.com/zloirock ) is looking for a good job -)

npm notice created a lockfile as package-lock.json. You should commit this file.
npm WARN react-native-paper@2.16.0 requires a peer of react-native-vector-icons@* but none is installed. You must install peer dependencies yourself.
npm WARN optional SKIPPING OPTIONAL DEPENDENCY: fsevents@1.2.9 (node_modules\fsevents):
npm WARN notsup SKIPPING OPTIONAL DEPENDENCY: Unsupported platform for fsevents@1.2.9: wanted {"os":"darwin","arch":"any"} (current: {"os":"win32","arch":"x64"})

added 873 packages from 446 contributors and audited 37443 packages in 434.538s
found 11 low severity vulnerabilities
  run `npm audit fix` to fix them, or `npm audit` for details

E:\Code\Java\ReactNative\reactnativeexpressslack\reactnativeexpress>npm audit fix
npm WARN react-native-paper@2.16.0 requires a peer of react-native-vector-icons@* but none is installed. You must install peer dependencies yourself.
npm WARN optional SKIPPING OPTIONAL DEPENDENCY: fsevents@1.2.9 (node_modules\fsevents):
npm WARN notsup SKIPPING OPTIONAL DEPENDENCY: Unsupported platform for fsevents@1.2.9: wanted {"os":"darwin","arch":"any"} (current: {"os":"win32","arch":"x64"})

up to date in 82.229s
fixed 0 of 11 vulnerabilities in 37443 scanned packages
  11 vulnerabilities required manual review and could not be updated

E:\Code\Java\ReactNative\reactnativeexpressslack\reactnativeexpress>expo build:android
Checking if there is a build in progress...


? Would you like to upload a keystore or have us generate one for you?
If you don't know what this means, let us handle it! :)
 false
Warning: Your project may contain unoptimized image assets. Smaller image sizes can improve app performance.
To compress the images in your project, abort publishing and run expo optimize.
Unable to find an existing Expo CLI instance for this directory, starting a new one...
Starting Metro Bundler on port 19001.
Tunnel ready.
Publishing to channel 'default'...
Building iOS bundle
Finished building JavaScript bundle in 69873ms.
Building Android bundle
Analyzing assets
Building JavaScript bundle [====================================================================================================] 100%Finished building JavaScript bundle in 58282ms.
Finished building JavaScript bundle in 19125ms.
Uploading assets
Building JavaScript bundle [====================================================================================================] 100%Finished building JavaScript bundle in 11099ms.
No assets changed, skipped.
Uploading JavaScript bundles
Published
Your URL is

https://exp.host/@pritamkhose/snack-909f7d31-1d27-412b-895b-ffe676f85726

› Closing Expo server
› Stopping Metro bundler
Checking if this build already exists...

Build started, it may take a few minutes to complete.
You can check the queue length at https://expo.io/turtle-status

You can monitor the build at

 https://expo.io/builds/674a08d5-a96e-46b8-9bbc-7d6532cd660b

Waiting for build to complete. You can press Ctrl+C to exit.
√ Build finished.
Successfully built standalone app: https://expo.io/artifacts/56d8d9d8-69a2-4241-bacf-b7ad21d53041

E:\Code\Java\ReactNative\reactnativeexpressslack\reactnativeexpress>expo fetch:android:keystore
Keystore credentials
  Keystore password: 1a28661e17a44cdb979ebf4e9875938e
  Key alias:         QHByaXRhbWtob3NlL3NuYWNrLTkwOWY3ZDMxLTFkMjctNDEyYi04OTViLWZmZTY3NmY4NTcyNg==
  Key password:      578b3cba5e3a44a18d59ade613bbc693

  Path to Keystore:  E:\Code\Java\ReactNative\reactnativeexpressslack\reactnativeexpress\snack-909f7d31-1d27-412b-895b-ffe676f85726.jks

E:\Code\Java\ReactNative\reactnativeexpressslack\reactnativeexpress>

E:\Code\Java\ReactNative\reactnativeexpressslack\reactnativeexpress>expo build:ios
Your application icon can't have transparency if you wish to upload your app to Apple Store.

E:\Code\Java\ReactNative\reactnativeexpressslack\reactnativeexpress>expo build:ios
Checking if there is a build in progress...

Please enter your Apple Developer Program account credentials. These credentials are needed to manage certificates, keys and provisioning
profiles in your Apple Developer account.
The password is only used to authenticate with Apple and never stored.
? Apple ID:
E:\Code\Java\ReactNative\reactnativeexpressslack\reactnativeexpress>




